2026-10-06 13:32:42.682: [INFO] CurrentProfilePath: D:\JFS-June2026\AdvJavaWorkspace\.metadata\.plugins\org.eclipse.swt\EBWebView\Default
2026-10-06 13:32:42.682: [INFO] Profiles total count: 1
2026-10-06 13:32:42.682: [INFO] Profile: name=Profile 1 path=D:\JFS-June2026\AdvJavaWorkspace\.metadata\.plugins\org.eclipse.swt\EBWebView\Default lastActive=null
2026-10-06 13:32:42.682: [INFO] LastUsedProfileDir: D:\JFS-June2026\AdvJavaWorkspace\.metadata\.plugins\org.eclipse.swt\EBWebView\Default
2026-10-06 13:32:42.682: [INFO] OnDoneLoading sync enabled: 0
2026-10-06 13:32:42.682: [INFO] BookmarkModelLoaded, ids_reassigned: 0
2026-10-06 13:32:42.682: [INFO] BookmarksLoadDropped droppedNodes=0
2026-10-06 13:32:42.682: [INFO] BookmarksSnapshot Startup total=0 bar=0 other=0 mobile=0 showBar=0 showBarNTP=1
2026-10-06 13:34:20.284: [INFO] BookmarksSnapshot Shutdown total=0 bar=0 other=0 mobile=0 showBar=0 showBarNTP=1
2026-10-06 13:36:27.322: [INFO] CurrentProfilePath: D:\JFS-June2026\AdvJavaWorkspace\.metadata\.plugins\org.eclipse.swt\EBWebView\Default
2026-10-06 13:36:27.322: [INFO] Profiles total count: 1
2026-10-06 13:36:27.322: [INFO] Profile: name=Profile 1 path=D:\JFS-June2026\AdvJavaWorkspace\.metadata\.plugins\org.eclipse.swt\EBWebView\Default lastActive=2026-10-06T13:32:43.520Z
2026-10-06 13:36:27.322: [INFO] LastUsedProfileDir: D:\JFS-June2026\AdvJavaWorkspace\.metadata\.plugins\org.eclipse.swt\EBWebView\Default
2026-10-06 13:36:27.322: [INFO] MostRecentlyActiveProfile: name=Profile 1 path=D:\JFS-June2026\AdvJavaWorkspace\.metadata\.plugins\org.eclipse.swt\EBWebView\Default lastActive=2026-10-06T13:32:43.520Z
2026-10-06 13:36:27.322: [INFO] OnDoneLoading sync enabled: 0
2026-10-06 13:36:27.322: [INFO] BookmarkModelLoaded, ids_reassigned: 0
2026-10-06 13:36:27.322: [INFO] BookmarksLoadDropped droppedNodes=0
2026-10-06 13:36:27.322: [INFO] BookmarksSnapshot Startup total=0 bar=0 other=0 mobile=0 showBar=0 showBarNTP=1
2026-10-06 13:47:53.595: [INFO] BookmarksSnapshot Shutdown total=0 bar=0 other=0 mobile=0 showBar=0 showBarNTP=1
2026-10-06 13:50:47.753: [INFO] CurrentProfilePath: D:\JFS-June2026\AdvJavaWorkspace\.metadata\.plugins\org.eclipse.swt\EBWebView\Default
2026-10-06 13:50:47.753: [INFO] Profiles total count: 1
2026-10-06 13:50:47.754: [INFO] Profile: name=Profile 1 path=D:\JFS-June2026\AdvJavaWorkspace\.metadata\.plugins\org.eclipse.swt\EBWebView\Default lastActive=2026-10-06T13:36:27.718Z
2026-10-06 13:50:47.754: [INFO] LastUsedProfileDir: D:\JFS-June2026\AdvJavaWorkspace\.metadata\.plugins\org.eclipse.swt\EBWebView\Default
2026-10-06 13:50:47.754: [INFO] MostRecentlyActiveProfile: name=Profile 1 path=D:\JFS-June2026\AdvJavaWorkspace\.metadata\.plugins\org.eclipse.swt\EBWebView\Default lastActive=2026-10-06T13:36:27.718Z
2026-10-06 13:50:47.754: [INFO] OnDoneLoading sync enabled: 0
2026-10-06 13:50:47.754: [INFO] BookmarkModelLoaded, ids_reassigned: 0
2026-10-06 13:50:47.754: [INFO] BookmarksLoadDropped droppedNodes=0
2026-10-06 13:50:47.754: [INFO] BookmarksSnapshot Startup total=0 bar=0 other=0 mobile=0 showBar=0 showBarNTP=1
2026-10-06 14:13:14.696: [INFO] BookmarksSnapshot Shutdown total=0 bar=0 other=0 mobile=0 showBar=0 showBarNTP=1
2026-10-06 14:14:06.551: [INFO] CurrentProfilePath: D:\JFS-June2026\AdvJavaWorkspace\.metadata\.plugins\org.eclipse.swt\EBWebView\Default
2026-10-06 14:14:06.551: [INFO] Profiles total count: 1
2026-10-06 14:14:06.551: [INFO] Profile: name=Profile 1 path=D:\JFS-June2026\AdvJavaWorkspace\.metadata\.plugins\org.eclipse.swt\EBWebView\Default lastActive=2026-10-06T14:13:48.263Z
2026-10-06 14:14:06.551: [INFO] LastUsedProfileDir: D:\JFS-June2026\AdvJavaWorkspace\.metadata\.plugins\org.eclipse.swt\EBWebView\Default
2026-10-06 14:14:06.551: [INFO] MostRecentlyActiveProfile: name=Profile 1 path=D:\JFS-June2026\AdvJavaWorkspace\.metadata\.plugins\org.eclipse.swt\EBWebView\Default lastActive=2026-10-06T14:13:48.263Z
2026-10-06 14:14:06.551: [INFO] OnDoneLoading sync enabled: 0
2026-10-06 14:14:06.551: [INFO] BookmarkModelLoaded, ids_reassigned: 0
2026-10-06 14:14:06.551: [INFO] BookmarksLoadDropped droppedNodes=0
2026-10-06 14:14:06.551: [INFO] BookmarksSnapshot Startup total=0 bar=0 other=0 mobile=0 showBar=0 showBarNTP=1
2026-10-06 14:32:15.812: [INFO] BookmarksSnapshot Shutdown total=0 bar=0 other=0 mobile=0 showBar=0 showBarNTP=1
2026-10-06 14:32:31.715: [INFO] CurrentProfilePath: D:\JFS-June2026\AdvJavaWorkspace\.metadata\.plugins\org.eclipse.swt\EBWebView\Default
2026-10-06 14:32:31.715: [INFO] Profiles total count: 1
2026-10-06 14:32:31.715: [INFO] Profile: name=Profile 1 path=D:\JFS-June2026\AdvJavaWorkspace\.metadata\.plugins\org.eclipse.swt\EBWebView\Default lastActive=2026-10-06T14:13:48.263Z
2026-10-06 14:32:31.715: [INFO] LastUsedProfileDir: D:\JFS-June2026\AdvJavaWorkspace\.metadata\.plugins\org.eclipse.swt\EBWebView\Default
2026-10-06 14:32:31.715: [INFO] MostRecentlyActiveProfile: name=Profile 1 path=D:\JFS-June2026\AdvJavaWorkspace\.metadata\.plugins\org.eclipse.swt\EBWebView\Default lastActive=2026-10-06T14:13:48.263Z
2026-10-06 14:32:31.715: [INFO] OnDoneLoading sync enabled: 0
2026-10-06 14:32:31.715: [INFO] BookmarkModelLoaded, ids_reassigned: 0
2026-10-06 14:32:31.715: [INFO] BookmarksLoadDropped droppedNodes=0
2026-10-06 14:32:31.715: [INFO] BookmarksSnapshot Startup total=0 bar=0 other=0 mobile=0 showBar=0 showBarNTP=1
2026-10-06 14:32:31.828: [INFO] BookmarksSnapshot Shutdown total=0 bar=0 other=0 mobile=0 showBar=0 showBarNTP=1
2026-10-06 14:32:56.401: [INFO] CurrentProfilePath: D:\JFS-June2026\AdvJavaWorkspace\.metadata\.plugins\org.eclipse.swt\EBWebView\Default
2026-10-06 14:32:56.401: [INFO] Profiles total count: 1
2026-10-06 14:32:56.401: [INFO] Profile: name=Profile 1 path=D:\JFS-June2026\AdvJavaWorkspace\.metadata\.plugins\org.eclipse.swt\EBWebView\Default lastActive=2026-10-06T14:13:48.263Z
2026-10-06 14:32:56.401: [INFO] LastUsedProfileDir: D:\JFS-June2026\AdvJavaWorkspace\.metadata\.plugins\org.eclipse.swt\EBWebView\Default
2026-10-06 14:32:56.401: [INFO] MostRecentlyActiveProfile: name=Profile 1 path=D:\JFS-June2026\AdvJavaWorkspace\.metadata\.plugins\org.eclipse.swt\EBWebView\Default lastActive=2026-10-06T14:13:48.263Z
2026-10-06 14:32:56.401: [INFO] OnDoneLoading sync enabled: 0
2026-10-06 14:32:56.401: [INFO] BookmarkModelLoaded, ids_reassigned: 0
2026-10-06 14:32:56.401: [INFO] BookmarksLoadDropped droppedNodes=0
2026-10-06 14:32:56.401: [INFO] BookmarksSnapshot Startup total=0 bar=0 other=0 mobile=0 showBar=0 showBarNTP=1
2026-10-06 14:36:05.398: [INFO] BookmarksSnapshot Shutdown total=0 bar=0 other=0 mobile=0 showBar=0 showBarNTP=1
2026-10-06 14:37:45.250: [INFO] CurrentProfilePath: D:\JFS-June2026\AdvJavaWorkspace\.metadata\.plugins\org.eclipse.swt\EBWebView\Default
2026-10-06 14:37:45.250: [INFO] Profiles total count: 1
2026-10-06 14:37:45.250: [INFO] Profile: name=Profile 1 path=D:\JFS-June2026\AdvJavaWorkspace\.metadata\.plugins\org.eclipse.swt\EBWebView\Default lastActive=2026-10-06T14:13:48.263Z
2026-10-06 14:37:45.250: [INFO] LastUsedProfileDir: D:\JFS-June2026\AdvJavaWorkspace\.metadata\.plugins\org.eclipse.swt\EBWebView\Default
2026-10-06 14:37:45.250: [INFO] MostRecentlyActiveProfile: name=Profile 1 path=D:\JFS-June2026\AdvJavaWorkspace\.metadata\.plugins\org.eclipse.swt\EBWebView\Default lastActive=2026-10-06T14:13:48.263Z
2026-10-06 14:37:45.250: [INFO] OnDoneLoading sync enabled: 0
2026-10-06 14:37:45.250: [INFO] BookmarkModelLoaded, ids_reassigned: 0
2026-10-06 14:37:45.250: [INFO] BookmarksLoadDropped droppedNodes=0
2026-10-06 14:37:45.250: [INFO] BookmarksSnapshot Startup total=0 bar=0 other=0 mobile=0 showBar=0 showBarNTP=1
2026-10-06 15:36:58.648: [INFO] BookmarksSnapshot Shutdown total=0 bar=0 other=0 mobile=0 showBar=0 showBarNTP=1
2026-10-07 05:12:59.413: [INFO] CurrentProfilePath: D:\JFS-June2026\AdvJavaWorkspace\.metadata\.plugins\org.eclipse.swt\EBWebView\Default
2026-10-07 05:12:59.413: [INFO] Profiles total count: 1
2026-10-07 05:12:59.413: [INFO] Profile: name=Profile 1 path=D:\JFS-June2026\AdvJavaWorkspace\.metadata\.plugins\org.eclipse.swt\EBWebView\Default lastActive=2026-10-06T14:13:48.263Z
2026-10-07 05:12:59.413: [INFO] LastUsedProfileDir: D:\JFS-June2026\AdvJavaWorkspace\.metadata\.plugins\org.eclipse.swt\EBWebView\Default
2026-10-07 05:12:59.413: [INFO] MostRecentlyActiveProfile: name=Profile 1 path=D:\JFS-June2026\AdvJavaWorkspace\.metadata\.plugins\org.eclipse.swt\EBWebView\Default lastActive=2026-10-06T14:13:48.263Z
2026-10-07 05:12:59.413: [INFO] OnDoneLoading sync enabled: 0
2026-10-07 05:12:59.413: [INFO] BookmarkModelLoaded, ids_reassigned: 0
2026-10-07 05:12:59.413: [INFO] BookmarksLoadDropped droppedNodes=0
2026-10-07 05:12:59.413: [INFO] BookmarksSnapshot Startup total=0 bar=0 other=0 mobile=0 showBar=0 showBarNTP=1
2026-10-07 05:13:15.509: [INFO] BookmarksSnapshot Shutdown total=0 bar=0 other=0 mobile=0 showBar=0 showBarNTP=1
2026-10-07 13:33:09.164: [INFO] CurrentProfilePath: D:\JFS-June2026\AdvJavaWorkspace\.metadata\.plugins\org.eclipse.swt\EBWebView\Default
2026-10-07 13:33:09.164: [INFO] Profiles total count: 1
2026-10-07 13:33:09.164: [INFO] Profile: name=Profile 1 path=D:\JFS-June2026\AdvJavaWorkspace\.metadata\.plugins\org.eclipse.swt\EBWebView\Default lastActive=2026-10-07T05:12:59.768Z
2026-10-07 13:33:09.164: [INFO] LastUsedProfileDir: D:\JFS-June2026\AdvJavaWorkspace\.metadata\.plugins\org.eclipse.swt\EBWebView\Default
2026-10-07 13:33:09.164: [INFO] MostRecentlyActiveProfile: name=Profile 1 path=D:\JFS-June2026\AdvJavaWorkspace\.metadata\.plugins\org.eclipse.swt\EBWebView\Default lastActive=2026-10-07T05:12:59.768Z
2026-10-07 13:33:09.164: [INFO] OnDoneLoading sync enabled: 0
2026-10-07 13:33:09.164: [INFO] BookmarkModelLoaded, ids_reassigned: 0
2026-10-07 13:33:09.164: [INFO] BookmarksLoadDropped droppedNodes=0
2026-10-07 13:33:09.164: [INFO] BookmarksSnapshot Startup total=0 bar=0 other=0 mobile=0 showBar=0 showBarNTP=1
2026-10-07 13:56:58.487: [INFO] BookmarksSnapshot Shutdown total=0 bar=0 other=0 mobile=0 showBar=0 showBarNTP=1
2026-10-07 13:58:46.775: [INFO] CurrentProfilePath: D:\JFS-June2026\AdvJavaWorkspace\.metadata\.plugins\org.eclipse.swt\EBWebView\Default
2026-10-07 13:58:46.775: [INFO] Profiles total count: 1
2026-10-07 13:58:46.775: [INFO] Profile: name=Profile 1 path=D:\JFS-June2026\AdvJavaWorkspace\.metadata\.plugins\org.eclipse.swt\EBWebView\Default lastActive=2026-10-07T13:33:09.428Z
2026-10-07 13:58:46.775: [INFO] LastUsedProfileDir: D:\JFS-June2026\AdvJavaWorkspace\.metadata\.plugins\org.eclipse.swt\EBWebView\Default
2026-10-07 13:58:46.775: [INFO] MostRecentlyActiveProfile: name=Profile 1 path=D:\JFS-June2026\AdvJavaWorkspace\.metadata\.plugins\org.eclipse.swt\EBWebView\Default lastActive=2026-10-07T13:33:09.428Z
2026-10-07 13:58:46.775: [INFO] OnDoneLoading sync enabled: 0
2026-10-07 13:58:46.775: [INFO] BookmarkModelLoaded, ids_reassigned: 0
2026-10-07 13:58:46.775: [INFO] BookmarksLoadDropped droppedNodes=0
2026-10-07 13:58:46.775: [INFO] BookmarksSnapshot Startup total=0 bar=0 other=0 mobile=0 showBar=0 showBarNTP=1
2026-10-07 15:27:32.865: [INFO] BookmarksSnapshot Shutdown total=0 bar=0 other=0 mobile=0 showBar=0 showBarNTP=1
